// Jest Snapshot v1, https://goo.gl/fbAQLP

exports[`<FizzBuzz /> should match snapshot 1`] = `
Array [
  <span>
    0
  </span>,
  <button
    onClick={[Function]}
  >
    Click me
  </button>,
]
`;
